exit: 1
--- stdout ---
--- stderr ---
Error: k8s: helm status: exit status 1
Usage:
  nself-k8s status [flags]

Flags:
      --cluster string   Path to kubeconfig
  -h, --help             help for status
      --release string   Helm release name (default "nself")

Error: k8s: helm status: exit status 1
