exit: 1
--- stdout ---
[0;34mℹ[0m Upgrading nSelf Helm release...
--- stderr ---
[0;33m⚠[0m Not passing domain, plugins (upgrade applies values afresh; repeat the install flags to pass them)
k8s: target kubeconfig ~/.kube/config (current context)
stub helm: boom
Error: k8s: helm upgrade: exit status 1
Error: k8s: helm upgrade: exit status 1
